Archive member included to satisfy reference by file (symbol)

d:/gnu tools arm embedded/9 2019-q4-major/bin/../lib/gcc/arm-none-eabi/9.2.1/../../../../arm-none-eabi/lib/thumb/v6-m/nofp\libc_nano.a(lib_a-exit.o)
                              d:/gnu tools arm embedded/9 2019-q4-major/bin/../lib/gcc/arm-none-eabi/9.2.1/../../../../arm-none-eabi/lib/thumb/v6-m/nofp/crt0.o (exit)
d:/gnu tools arm embedded/9 2019-q4-major/bin/../lib/gcc/arm-none-eabi/9.2.1/../../../../arm-none-eabi/lib/thumb/v6-m/nofp\libc_nano.a(lib_a-impure.o)
                              d:/gnu tools arm embedded/9 2019-q4-major/bin/../lib/gcc/arm-none-eabi/9.2.1/../../../../arm-none-eabi/lib/thumb/v6-m/nofp\libc_nano.a(lib_a-exit.o) (_global_impure_ptr)
d:/gnu tools arm embedded/9 2019-q4-major/bin/../lib/gcc/arm-none-eabi/9.2.1/../../../../arm-none-eabi/lib/thumb/v6-m/nofp\libc_nano.a(lib_a-init.o)
                              d:/gnu tools arm embedded/9 2019-q4-major/bin/../lib/gcc/arm-none-eabi/9.2.1/../../../../arm-none-eabi/lib/thumb/v6-m/nofp/crt0.o (__libc_init_array)
d:/gnu tools arm embedded/9 2019-q4-major/bin/../lib/gcc/arm-none-eabi/9.2.1/../../../../arm-none-eabi/lib/thumb/v6-m/nofp\libc_nano.a(lib_a-memset.o)
                              d:/gnu tools arm embedded/9 2019-q4-major/bin/../lib/gcc/arm-none-eabi/9.2.1/../../../../arm-none-eabi/lib/thumb/v6-m/nofp/crt0.o (memset)
d:/gnu tools arm embedded/9 2019-q4-major/bin/../lib/gcc/arm-none-eabi/9.2.1/../../../../arm-none-eabi/lib/thumb/v6-m/nofp\libnosys.a(_exit.o)
                              d:/gnu tools arm embedded/9 2019-q4-major/bin/../lib/gcc/arm-none-eabi/9.2.1/../../../../arm-none-eabi/lib/thumb/v6-m/nofp\libc_nano.a(lib_a-exit.o) (_exit)
d:/gnu tools arm embedded/9 2019-q4-major/bin/../lib/gcc/arm-none-eabi/9.2.1/thumb/v6-m/nofp\libgcc.a(_udivsi3.o)
                              build/stm32f0xx_hal_adc.o (__aeabi_uidiv)
d:/gnu tools arm embedded/9 2019-q4-major/bin/../lib/gcc/arm-none-eabi/9.2.1/thumb/v6-m/nofp\libgcc.a(_dvmd_tls.o)
                              d:/gnu tools arm embedded/9 2019-q4-major/bin/../lib/gcc/arm-none-eabi/9.2.1/thumb/v6-m/nofp\libgcc.a(_udivsi3.o) (__aeabi_idiv0)

Allocating common symbols
Common symbol       size              file

hcan                0x28              build/main.o
uwTick              0x4               build/stm32f0xx_hal.o
pFlash              0x20              build/stm32f0xx_hal_flash.o
huart2              0x80              build/main.o
hadc                0x40              build/main.o

Discarded input sections

 .text          0x00000000        0x0 d:/gnu tools arm embedded/9 2019-q4-major/bin/../lib/gcc/arm-none-eabi/9.2.1/thumb/v6-m/nofp/crti.o
 .data          0x00000000        0x0 d:/gnu tools arm embedded/9 2019-q4-major/bin/../lib/gcc/arm-none-eabi/9.2.1/thumb/v6-m/nofp/crti.o
 .bss           0x00000000        0x0 d:/gnu tools arm embedded/9 2019-q4-major/bin/../lib/gcc/arm-none-eabi/9.2.1/thumb/v6-m/nofp/crti.o
 .data          0x00000000        0x4 d:/gnu tools arm embedded/9 2019-q4-major/bin/../lib/gcc/arm-none-eabi/9.2.1/thumb/v6-m/nofp/crtbegin.o
 .text          0x00000000       0x78 d:/gnu tools arm embedded/9 2019-q4-major/bin/../lib/gcc/arm-none-eabi/9.2.1/../../../../arm-none-eabi/lib/thumb/v6-m/nofp/crt0.o
 .data          0x00000000        0x0 d:/gnu tools arm embedded/9 2019-q4-major/bin/../lib/gcc/arm-none-eabi/9.2.1/../../../../arm-none-eabi/lib/thumb/v6-m/nofp/crt0.o
 .bss           0x00000000        0x0 d:/gnu tools arm embedded/9 2019-q4-major/bin/../lib/gcc/arm-none-eabi/9.2.1/../../../../arm-none-eabi/lib/thumb/v6-m/nofp/crt0.o
 .ARM.extab     0x00000000        0x0 d:/gnu tools arm embedded/9 2019-q4-major/bin/../lib/gcc/arm-none-eabi/9.2.1/../../../../arm-none-eabi/lib/thumb/v6-m/nofp/crt0.o
 .ARM.exidx     0x00000000        0x8 d:/gnu tools arm embedded/9 2019-q4-major/bin/../lib/gcc/arm-none-eabi/9.2.1/../../../../arm-none-eabi/lib/thumb/v6-m/nofp/crt0.o
 .ARM.attributes
                0x00000000       0x1b d:/gnu tools arm embedded/9 2019-q4-major/bin/../lib/gcc/arm-none-eabi/9.2.1/../../../../arm-none-eabi/lib/thumb/v6-m/nofp/crt0.o
 .text          0x00000000        0x0 build/main.o
 .data          0x00000000        0x0 build/main.o
 .bss           0x00000000        0x0 build/main.o
 .text.Error_Handler
                0x00000000        0x2 build/main.o
 .text          0x00000000        0x0 build/stm32f0xx_it.o
 .data          0x00000000        0x0 build/stm32f0xx_it.o
 .bss           0x00000000        0x0 build/stm32f0xx_it.o
 .text          0x00000000        0x0 build/stm32f0xx_hal_msp.o
 .data          0x00000000        0x0 build/stm32f0xx_hal_msp.o
 .bss           0x00000000        0x0 build/stm32f0xx_hal_msp.o
 .text.HAL_ADC_MspDeInit
                0x00000000       0x30 build/stm32f0xx_hal_msp.o
 .text.HAL_CAN_MspDeInit
                0x00000000       0x40 build/stm32f0xx_hal_msp.o
 .text.HAL_UART_MspDeInit
                0x00000000       0x30 build/stm32f0xx_hal_msp.o
[...]
Memory Configuration

Name             Origin             Length             Attributes
RAM              0x20000000         0x00001800         xrw
FLASH            0x08000000         0x00004000         xr
*default*        0x00000000         0xffffffff

Linker script and memory map

LOAD d:/gnu tools arm embedded/9 2019-q4-major/bin/../lib/gcc/arm-none-eabi/9.2.1/thumb/v6-m/nofp/crti.o
LOAD d:/gnu tools arm embedded/9 2019-q4-major/bin/../lib/gcc/arm-none-eabi/9.2.1/thumb/v6-m/nofp/crtbegin.o
LOAD d:/gnu tools arm embedded/9 2019-q4-major/bin/../lib/gcc/arm-none-eabi/9.2.1/../../../../arm-none-eabi/lib/thumb/v6-m/nofp/crt0.o
LOAD build/main.o
LOAD build/stm32f0xx_it.o
LOAD build/stm32f0xx_hal_msp.o
LOAD build/stm32f0xx_hal_adc.o
LOAD build/stm32f0xx_hal_adc_ex.o
LOAD build/stm32f0xx_hal_rcc.o
LOAD build/stm32f0xx_hal_rcc_ex.o
LOAD build/stm32f0xx_hal.o
LOAD build/stm32f0xx_hal_i2c.o
LOAD build/stm32f0xx_hal_i2c_ex.o
LOAD build/stm32f0xx_hal_gpio.o
LOAD build/stm32f0xx_hal_dma.o
LOAD build/stm32f0xx_hal_cortex.o
LOAD build/stm32f0xx_hal_pwr.o
LOAD build/stm32f0xx_hal_pwr_ex.o
LOAD build/stm32f0xx_hal_flash.o
LOAD build/stm32f0xx_hal_flash_ex.o
LOAD build/stm32f0xx_hal_exti.o
LOAD build/stm32f0xx_hal_can.o
LOAD build/stm32f0xx_hal_tim.o
LOAD build/stm32f0xx_hal_tim_ex.o
LOAD build/stm32f0xx_hal_uart.o
LOAD build/stm32f0xx_hal_uart_ex.o
LOAD build/system_stm32f0xx.o
LOAD build/startup_stm32f042x6.o
LOAD d:/gnu tools arm embedded/9 2019-q4-major/bin/../lib/gcc/arm-none-eabi/9.2.1/../../../../arm-none-eabi/lib/thumb/v6-m/nofp\libc_nano.a
LOAD d:/gnu tools arm embedded/9 2019-q4-major/bin/../lib/gcc/arm-none-eabi/9.2.1/../../../../arm-none-eabi/lib/thumb/v6-m/nofp\libm.a
LOAD d:/gnu tools arm embedded/9 2019-q4-major/bin/../lib/gcc/arm-none-eabi/9.2.1/../../../../arm-none-eabi/lib/thumb/v6-m/nofp\libnosys.a
START GROUP
LOAD d:/gnu tools arm embedded/9 2019-q4-major/bin/../lib/gcc/arm-none-eabi/9.2.1/thumb/v6-m/nofp\libgcc.a
LOAD d:/gnu tools arm embedded/9 2019-q4-major/bin/../lib/gcc/arm-none-eabi/9.2.1/../../../../arm-none-eabi/lib/thumb/v6-m/nofp\libc_nano.a
END GROUP
START GROUP
LOAD d:/gnu tools arm embedded/9 2019-q4-major/bin/../lib/gcc/arm-none-eabi/9.2.1/thumb/v6-m/nofp\libgcc.a
LOAD d:/gnu tools arm embedded/9 2019-q4-major/bin/../lib/gcc/arm-none-eabi/9.2.1/../../../../arm-none-eabi/lib/thumb/v6-m/nofp\libc_nano.a
END GROUP
LOAD d:/gnu tools arm embedded/9 2019-q4-major/bin/../lib/gcc/arm-none-eabi/9.2.1/thumb/v6-m/nofp/crtend.o
LOAD d:/gnu tools arm embedded/9 2019-q4-major/bin/../lib/gcc/arm-none-eabi/9.2.1/thumb/v6-m/nofp/crtn.o
                0x20001800                _estack = 0x20001800
                0x00000200                _Min_Heap_Size = 0x200
                0x00000400                _Min_Stack_Size = 0x400

.isr_vector     0x08000000       0xc0
                0x08000000                . = ALIGN (0x4)
 *(.isr_vector)
 .isr_vector    0x08000000       0xc0 build/startup_stm32f042x6.o
                0x08000000                g_pfnVectors
                0x080000c0                . = ALIGN (0x4)

.text           0x080000c0     0x187c
                0x080000c0                . = ALIGN (0x4)
 *(.text)
 .text          0x080000c0       0x48 d:/gnu tools arm embedded/9 2019-q4-major/bin/../lib/gcc/arm-none-eabi/9.2.1/thumb/v6-m/nofp/crtbegin.o
 .text          0x08000108      0x114 d:/gnu tools arm embedded/9 2019-q4-major/bin/../lib/gcc/arm-none-eabi/9.2.1/thumb/v6-m/nofp\libgcc.a(_udivsi3.o)
                0x08000108                __aeabi_uidiv
                0x08000108                __udivsi3
                0x08000214                __aeabi_uidivmod
 .text          0x0800021c        0x4 d:/gnu tools arm embedded/9 2019-q4-major/bin/../lib/gcc/arm-none-eabi/9.2.1/thumb/v6-m/nofp\libgcc.a(_dvmd_tls.o)
                0x0800021c                __aeabi_idiv0
                0x0800021c                __aeabi_ldiv0
 *(.text*)
 .text.MX_GPIO_Init
                0x08000220       0x70 build/main.o
 .text.MX_ADC_Init
                0x08000290       0x64 build/main.o
 .text.MX_CAN_Init
                0x080002f4       0x30 build/main.o
 .text.MX_USART2_UART_Init
                0x08000324       0x30 build/main.o
 .text.SystemClock_Config
                0x08000354       0x46 build/main.o
                0x08000354                SystemClock_Config
 *fill*         0x0800039a        0x2 
 .text.main     0x0800039c       0x30 build/main.o
                0x0800039c                main
 .text.NMI_Handler
                0x080003cc        0x2 build/stm32f0xx_it.o
                0x080003cc                NMI_Handler
 .text.HardFault_Handler
                0x080003ce        0x2 build/stm32f0xx_it.o
                0x080003ce                HardFault_Handler
 .text.SVC_Handler
                0x080003d0        0x2 build/stm32f0xx_it.o
                0x080003d0                SVC_Handler
 .text.PendSV_Handler
                0x080003d2        0x2 build/stm32f0xx_it.o
                0x080003d2                PendSV_Handler
 .text.SysTick_Handler
                0x080003d4        0x8 build/stm32f0xx_it.o
                0x080003d4                SysTick_Handler
 .text.HAL_MspInit
                0x080003dc       0x3c build/stm32f0xx_hal_msp.o
                0x080003dc                HAL_MspInit
 .text.HAL_ADC_MspInit
                0x08000418       0x64 build/stm32f0xx_hal_msp.o
                0x08000418                HAL_ADC_MspInit
 .text.HAL_CAN_MspInit
                0x0800047c       0x98 build/stm32f0xx_hal_msp.o
                0x0800047c                HAL_CAN_MspInit
 .text.HAL_UART_MspInit
                0x08000514       0x68 build/stm32f0xx_hal_msp.o
                0x08000514                HAL_UART_MspInit
 .text.HAL_ADC_Init
                0x0800057c      0x184 build/stm32f0xx_hal_adc.o
                0x0800057c                HAL_ADC_Init
 .text.HAL_ADC_ConfigChannel
                0x08000700      0x14c build/stm32f0xx_hal_adc.o
                0x08000700                HAL_ADC_ConfigChannel
 .text.HAL_RCC_OscConfig
                0x0800084c      0x544 build/stm32f0xx_hal_rcc.o
                0x0800084c                HAL_RCC_OscConfig
 .text.HAL_RCC_GetSysClockFreq
                0x08000d90       0x94 build/stm32f0xx_hal_rcc.o
                0x08000d90                HAL_RCC_GetSysClockFreq
 .text.HAL_RCC_ClockConfig
                0x08000e24      0x144 build/stm32f0xx_hal_rcc.o
                0x08000e24                HAL_RCC_ClockConfig
 .text.HAL_RCC_GetHCLKFreq
                0x08000f68        0xc build/stm32f0xx_hal_rcc.o
                0x08000f68                HAL_RCC_GetHCLKFreq
 .text.HAL_RCC_GetPCLK1Freq
                0x08000f74       0x20 build/stm32f0xx_hal_rcc.o
                0x08000f74                HAL_RCC_GetPCLK1Freq
 .text.HAL_InitTick
                0x08000f94       0x50 build/stm32f0xx_hal.o
                0x08000f94                HAL_InitTick
 .text.HAL_Init
                0x08000fe4       0x20 build/stm32f0xx_hal.o
                0x08000fe4                HAL_Init
 .text.HAL_IncTick
                0x08001004       0x18 build/stm32f0xx_hal.o
                0x08001004                HAL_IncTick
 .text.HAL_GetTick
                0x0800101c        0xc build/stm32f0xx_hal.o
                0x0800101c                HAL_GetTick
 .text.HAL_Delay
                0x08001028       0x24 build/stm32f0xx_hal.o
                0x08001028                HAL_Delay
 .text.HAL_GPIO_Init
                0x0800104c      0x1a0 build/stm32f0xx_hal_gpio.o
                0x0800104c                HAL_GPIO_Init
 .text.HAL_GPIO_WritePin
                0x080011ec        0xc build/stm32f0xx_hal_gpio.o
                0x080011ec                HAL_GPIO_WritePin
 .text.HAL_GPIO_TogglePin
                0x080011f8       0x10 build/stm32f0xx_hal_gpio.o
                0x080011f8                HAL_GPIO_TogglePin
 .text.HAL_NVIC_SetPriority
                0x08001208       0x60 build/stm32f0xx_hal_cortex.o
                0x08001208                HAL_NVIC_SetPriority
 .text.HAL_SYSTICK_Config
                0x08001268       0x38 build/stm32f0xx_hal_cortex.o
                0x08001268                HAL_SYSTICK_Config
 .text.HAL_CAN_Init
                0x080012a0      0x14e build/stm32f0xx_hal_can.o
                0x080012a0                HAL_CAN_Init
 *fill*         0x080013ee        0x2 
 .text.UART_SetConfig
                0x080013f0      0x1f0 build/stm32f0xx_hal_uart.o
                0x080013f0                UART_SetConfig
 .text.UART_AdvFeatureConfig
                0x080015e0       0xe0 build/stm32f0xx_hal_uart.o
                0x080015e0                UART_AdvFeatureConfig
 .text.UART_WaitOnFlagUntilTimeout
                0x080016c0       0xac build/stm32f0xx_hal_uart.o
                0x080016c0                UART_WaitOnFlagUntilTimeout
 .text.UART_CheckIdleState
                0x0800176c       0x6c build/stm32f0xx_hal_uart.o
                0x0800176c                UART_CheckIdleState
 .text.HAL_UART_Init
                0x080017d8       0x6c build/stm32f0xx_hal_uart.o
                0x080017d8                HAL_UART_Init
 .text.SystemInit
                0x08001844        0x2 build/system_stm32f0xx.o
                0x08001844                SystemInit
 *fill*         0x08001846        0x2 
 .text.Reset_Handler
                0x08001848       0x80 build/startup_stm32f042x6.o
                0x08001848                Reset_Handler
 .text.Default_Handler
                0x080018c8        0x2 build/startup_stm32f042x6.o
                0x080018c8                TIM1_CC_IRQHandler
                0x080018c8                TSC_IRQHandler
                0x080018c8                I2C1_IRQHandler
                0x080018c8                RCC_CRS_IRQHandler
                0x080018c8                SPI1_IRQHandler
                0x080018c8                EXTI2_3_IRQHandler
                0x080018c8                ADC1_IRQHandler
                0x080018c8                TIM17_IRQHandler
                0x080018c8                CEC_CAN_IRQHandler
                0x080018c8                RTC_IRQHandler
                0x080018c8                PVD_VDDIO2_IRQHandler
                0x080018c8                TIM16_IRQHandler
                0x080018c8                TIM3_IRQHandler
                0x080018c8                EXTI4_15_IRQHandler
                0x080018c8                DMA1_Channel1_IRQHandler
                0x080018c8                Default_Handler
                0x080018c8                TIM14_IRQHandler
                0x080018c8                DMA1_Channel4_5_IRQHandler
                0x080018c8                EXTI0_1_IRQHandler
                0x080018c8                USB_IRQHandler
                0x080018c8                SPI2_IRQHandler
                0x080018c8                WWDG_IRQHandler
                0x080018c8                TIM2_IRQHandler
                0x080018c8                DMA1_Channel2_3_IRQHandler
                0x080018c8                USART2_IRQHandler
                0x080018c8                FLASH_IRQHandler
                0x080018c8                USART1_IRQHandler
                0x080018c8                TIM1_BRK_UP_TRG_COM_IRQHandler
 *fill*         0x080018ca        0x2 
 .text.__libc_init_array
                0x080018cc       0x48 d:/gnu tools arm embedded/9 2019-q4-major/bin/../lib/gcc/arm-none-eabi/9.2.1/../../../../arm-none-eabi/lib/thumb/v6-m/nofp\libc_nano.a(lib_a-init.o)
                0x080018cc                __libc_init_array
 .text.memset   0x08001914       0x10 d:/gnu tools arm embedded/9 2019-q4-major/bin/../lib/gcc/arm-none-eabi/9.2.1/../../../../arm-none-eabi/lib/thumb/v6-m/nofp\libc_nano.a(lib_a-memset.o)
                0x08001914                memset
 *(.glue_7)
 .glue_7        0x08001924        0x0 linker stubs
 *(.glue_7t)
 .glue_7t       0x08001924        0x0 linker stubs
 *(.eh_frame)
 .eh_frame      0x08001924        0x0 d:/gnu tools arm embedded/9 2019-q4-major/bin/../lib/gcc/arm-none-eabi/9.2.1/thumb/v6-m/nofp/crtbegin.o
 *(.init)
 .init          0x08001924        0x4 d:/gnu tools arm embedded/9 2019-q4-major/bin/../lib/gcc/arm-none-eabi/9.2.1/thumb/v6-m/nofp/crti.o
                0x08001924                _init
 .init          0x08001928        0x8 d:/gnu tools arm embedded/9 2019-q4-major/bin/../lib/gcc/arm-none-eabi/9.2.1/thumb/v6-m/nofp/crtn.o
 *(.fini)
 .fini          0x08001930        0x4 d:/gnu tools arm embedded/9 2019-q4-major/bin/../lib/gcc/arm-none-eabi/9.2.1/thumb/v6-m/nofp/crti.o
                0x08001930                _fini
 .fini          0x08001934        0x8 d:/gnu tools arm embedded/9 2019-q4-major/bin/../lib/gcc/arm-none-eabi/9.2.1/thumb/v6-m/nofp/crtn.o
                0x0800193c                . = ALIGN (0x4)
                0x0800193c                _etext = .

.vfp11_veneer   0x0800193c        0x0
 .vfp11_veneer  0x0800193c        0x0 linker stubs

.v4_bx          0x0800193c        0x0
 .v4_bx         0x0800193c        0x0 linker stubs

.iplt           0x0800193c        0x0
 .iplt          0x0800193c        0x0 d:/gnu tools arm embedded/9 2019-q4-major/bin/../lib/gcc/arm-none-eabi/9.2.1/thumb/v6-m/nofp/crtbegin.o

.rodata         0x0800193c       0x40
                0x0800193c                . = ALIGN (0x4)
 *(.rodata)
 *(.rodata*)
 .rodata.HAL_RCC_GetSysClockFreq.str1.4
                0x0800193c       0x25 build/stm32f0xx_hal_rcc.o
 *fill*         0x08001961        0x3 
 .rodata.AHBPrescTable
                0x08001964       0x10 build/system_stm32f0xx.o
                0x08001964                AHBPrescTable
 .rodata.APBPrescTable
                0x08001974        0x8 build/system_stm32f0xx.o
                0x08001974                APBPrescTable
                0x0800197c                . = ALIGN (0x4)

.rel.dyn        0x0800197c        0x0
 .rel.iplt      0x0800197c        0x0 d:/gnu tools arm embedded/9 2019-q4-major/bin/../lib/gcc/arm-none-eabi/9.2.1/thumb/v6-m/nofp/crtbegin.o

.ARM.extab
 *(.ARM.extab* .gnu.linkonce.armextab.*)

.ARM            0x0800197c        0x0
                0x0800197c                __exidx_start = .
 *(.ARM.exidx*)
                0x0800197c                __exidx_end = .

.preinit_array  0x0800197c        0x0
                0x0800197c                PROVIDE (__preinit_array_start = .)
 *(.preinit_array*)
                0x0800197c                PROVIDE (__preinit_array_end = .)

.init_array     0x0800197c        0x4
                0x0800197c                PROVIDE (__init_array_start = .)
 *(SORT_BY_NAME(.init_array.*))
 *(.init_array*)
 .init_array    0x0800197c        0x4 d:/gnu tools arm embedded/9 2019-q4-major/bin/../lib/gcc/arm-none-eabi/9.2.1/thumb/v6-m/nofp/crtbegin.o
                0x08001980                PROVIDE (__init_array_end = .)

.fini_array     0x08001980        0x4
                [!provide]                PROVIDE (__fini_array_start = .)
 *(SORT_BY_NAME(.fini_array.*))
 *(.fini_array*)
 .fini_array    0x08001980        0x4 d:/gnu tools arm embedded/9 2019-q4-major/bin/../lib/gcc/arm-none-eabi/9.2.1/thumb/v6-m/nofp/crtbegin.o
                [!provide]                PROVIDE (__fini_array_end = .)
                0x08001984                _sidata = LOADADDR (.data)

.data           0x20000000        0xc load address 0x08001984
                0x20000000                . = ALIGN (0x4)
                0x20000000                _sdata = .
 *(.data)
 *(.data*)
 .data.uwTickFreq
                0x20000000        0x1 build/stm32f0xx_hal.o
                0x20000000                uwTickFreq
 *fill*         0x20000001        0x3 
 .data.uwTickPrio
                0x20000004        0x4 build/stm32f0xx_hal.o
                0x20000004                uwTickPrio
 .data.SystemCoreClock
                0x20000008        0x4 build/system_stm32f0xx.o
                0x20000008                SystemCoreClock
                0x2000000c                . = ALIGN (0x4)
                0x2000000c                _edata = .

.igot.plt       0x2000000c        0x0 load address 0x08001990
 .igot.plt      0x2000000c        0x0 d:/gnu tools arm embedded/9 2019-q4-major/bin/../lib/gcc/arm-none-eabi/9.2.1/thumb/v6-m/nofp/crtbegin.o
                0x2000000c                . = ALIGN (0x4)

.bss            0x2000000c      0x108 load address 0x08001990
                0x2000000c                _sbss = .
                0x2000000c                __bss_start__ = _sbss
 *(.bss)
 .bss           0x2000000c       0x1c d:/gnu tools arm embedded/9 2019-q4-major/bin/../lib/gcc/arm-none-eabi/9.2.1/thumb/v6-m/nofp/crtbegin.o
 *(.bss*)
 *(COMMON)
 COMMON         0x20000028       0xe8 build/main.o
                0x20000028                hcan
                0x20000050                huart2
                0x200000d0                hadc
 COMMON         0x20000110        0x4 build/stm32f0xx_hal.o
                0x20000110                uwTick
                0x20000114                . = ALIGN (0x4)
                0x20000114                _ebss = .
                0x20000114                __bss_end__ = _ebss

._user_heap_stack
                0x20000114      0x604 load address 0x08001990
                0x20000118                . = ALIGN (0x8)
 *fill*         0x20000114        0x4 
                [!provide]                PROVIDE (end = .)
                [!provide]                PROVIDE (_end = .)
                0x20000318                . = (. + _Min_Heap_Size)
 *fill*         0x20000118      0x200 
                0x20000718                . = (. + _Min_Stack_Size)
 *fill*         0x20000318      0x400 
                0x20000718                . = ALIGN (0x8)

/DISCARD/
 libc.a(*)
 libm.a(*)
 libgcc.a(*)

.ARM.attributes
                0x00000000       0x28
 *(.ARM.attributes)
 .ARM.attributes
                0x00000000       0x1e d:/gnu tools arm embedded/9 2019-q4-major/bin/../lib/gcc/arm-none-eabi/9.2.1/thumb/v6-m/nofp/crti.o
 .ARM.attributes
                0x0000001e       0x2c d:/gnu tools arm embedded/9 2019-q4-major/bin/../lib/gcc/arm-none-eabi/9.2.1/thumb/v6-m/nofp/crtbegin.o
 .ARM.attributes
                0x0000004a       0x2c build/main.o
 .ARM.attributes
                0x00000076       0x2c build/stm32f0xx_it.o
 .ARM.attributes
                0x000000a2       0x2c build/stm32f0xx_hal_msp.o
 .ARM.attributes
                0x000000ce       0x2c build/stm32f0xx_hal_adc.o
 .ARM.attributes
                0x000000fa       0x2c build/stm32f0xx_hal_rcc.o
 .ARM.attributes
                0x00000126       0x2c build/stm32f0xx_hal.o
 .ARM.attributes
                0x00000152       0x2c build/stm32f0xx_hal_gpio.o
 .ARM.attributes
                0x0000017e       0x2c build/stm32f0xx_hal_cortex.o
 .ARM.attributes
                0x000001aa       0x2c build/stm32f0xx_hal_can.o
 .ARM.attributes
                0x000001d6       0x2c build/stm32f0xx_hal_uart.o
 .ARM.attributes
                0x00000202       0x2c build/system_stm32f0xx.o
 .ARM.attributes
                0x0000022e       0x21 build/startup_stm32f042x6.o
 .ARM.attributes
                0x0000024f       0x2c d:/gnu tools arm embedded/9 2019-q4-major/bin/../lib/gcc/arm-none-eabi/9.2.1/../../../../arm-none-eabi/lib/thumb/v6-m/nofp\libc_nano.a(lib_a-init.o)
 .ARM.attributes
                0x0000027b       0x2c d:/gnu tools arm embedded/9 2019-q4-major/bin/../lib/gcc/arm-none-eabi/9.2.1/../../../../arm-none-eabi/lib/thumb/v6-m/nofp\libc_nano.a(lib_a-memset.o)
 .ARM.attributes
                0x000002a7       0x1e d:/gnu tools arm embedded/9 2019-q4-major/bin/../lib/gcc/arm-none-eabi/9.2.1/thumb/v6-m/nofp\libgcc.a(_udivsi3.o)
 .ARM.attributes
                0x000002c5       0x1e d:/gnu tools arm embedded/9 2019-q4-major/bin/../lib/gcc/arm-none-eabi/9.2.1/thumb/v6-m/nofp\libgcc.a(_dvmd_tls.o)
 .ARM.attributes
                0x000002e3       0x1e d:/gnu tools arm embedded/9 2019-q4-major/bin/../lib/gcc/arm-none-eabi/9.2.1/thumb/v6-m/nofp/crtn.o
OUTPUT(build/TrqMtr.elf elf32-littlearm)

.debug_info     0x00000000     0x9971
 .debug_info    0x00000000     0x15a2 build/main.o
 .debug_info    0x000015a2      0x1f1 build/stm32f0xx_it.o
 .debug_info    0x00001793     0x1431 build/stm32f0xx_hal_msp.o
 .debug_info    0x00002bc4     0x1160 build/stm32f0xx_hal_adc.o
 .debug_info    0x00003d24      0xba9 build/stm32f0xx_hal_rcc.o
 .debug_info    0x000048cd      0x846 build/stm32f0xx_hal.o
 .debug_info    0x00005113      0x796 build/stm32f0xx_hal_gpio.o
 .debug_info    0x000058a9      0x989 build/stm32f0xx_hal_cortex.o
 .debug_info    0x00006232     0x13eb build/stm32f0xx_hal_can.o
 .debug_info    0x0000761d     0x202a build/stm32f0xx_hal_uart.o
 .debug_info    0x00009647      0x308 build/system_stm32f0xx.o
 .debug_info    0x0000994f       0x22 build/startup_stm32f042x6.o

.debug_abbrev   0x00000000     0x18c9
 .debug_abbrev  0x00000000      0x27f build/main.o
 .debug_abbrev  0x0000027f       0xf2 build/stm32f0xx_it.o
 .debug_abbrev  0x00000371      0x231 build/stm32f0xx_hal_msp.o
 .debug_abbrev  0x000005a2      0x2d3 build/stm32f0xx_hal_adc.o
 .debug_abbrev  0x00000875      0x2a4 build/stm32f0xx_hal_rcc.o
 .debug_abbrev  0x00000b19      0x26b build/stm32f0xx_hal.o
 .debug_abbrev  0x00000d84      0x24f build/stm32f0xx_hal_gpio.o
 .debug_abbrev  0x00000fd3      0x2d1 build/stm32f0xx_hal_cortex.o
 .debug_abbrev  0x000012a4      0x21d build/stm32f0xx_hal_can.o
 .debug_abbrev  0x000014c1      0x2ac build/stm32f0xx_hal_uart.o
 .debug_abbrev  0x0000176d      0x14a build/system_stm32f0xx.o
 .debug_abbrev  0x000018b7       0x12 build/startup_stm32f042x6.o

.debug_loc      0x00000000     0x5e6f
 .debug_loc     0x00000000       0xe5 build/main.o
 .debug_loc     0x000000e5       0x20 build/stm32f0xx_it.o
 .debug_loc     0x00000105      0x297 build/stm32f0xx_hal_msp.o
 .debug_loc     0x0000039c     0x110b build/stm32f0xx_hal_adc.o
 .debug_loc     0x000014a7      0x7d8 build/stm32f0xx_hal_rcc.o
 .debug_loc     0x00001c7f      0x1e1 build/stm32f0xx_hal.o
 .debug_loc     0x00001e60      0x474 build/stm32f0xx_hal_gpio.o
 .debug_loc     0x000022d4      0x473 build/stm32f0xx_hal_cortex.o
 .debug_loc     0x00002747     0x11d8 build/stm32f0xx_hal_can.o
 .debug_loc     0x0000391f     0x23d9 build/stm32f0xx_hal_uart.o
 .debug_loc     0x00005cf8      0x177 build/system_stm32f0xx.o

.debug_aranges  0x00000000      0x790
 .debug_aranges
                0x00000000       0x50 build/main.o
 .debug_aranges
                0x00000050       0x40 build/stm32f0xx_it.o
 .debug_aranges
                0x00000090       0x50 build/stm32f0xx_hal_msp.o
 .debug_aranges
                0x000000e0       0xf8 build/stm32f0xx_hal_adc.o
 .debug_aranges
                0x000001d8       0x80 build/stm32f0xx_hal_rcc.o
 .debug_aranges
                0x00000258       0xd0 build/stm32f0xx_hal.o
 .debug_aranges
                0x00000328       0x58 build/stm32f0xx_hal_gpio.o
 .debug_aranges
                0x00000380       0x78 build/stm32f0xx_hal_cortex.o
 .debug_aranges
                0x000003f8      0x138 build/stm32f0xx_hal_can.o
 .debug_aranges
                0x00000530      0x210 build/stm32f0xx_hal_uart.o
 .debug_aranges
                0x00000740       0x28 build/system_stm32f0xx.o
 .debug_aranges
                0x00000768       0x28 build/startup_stm32f042x6.o

.debug_ranges   0x00000000      0x750
 .debug_ranges  0x00000000       0x40 build/main.o
 .debug_ranges  0x00000040       0x30 build/stm32f0xx_it.o
 .debug_ranges  0x00000070       0x40 build/stm32f0xx_hal_msp.o
 .debug_ranges  0x000000b0       0xe8 build/stm32f0xx_hal_adc.o
 .debug_ranges  0x00000198       0x88 build/stm32f0xx_hal_rcc.o
 .debug_ranges  0x00000220       0xc0 build/stm32f0xx_hal.o
 .debug_ranges  0x000002e0       0x48 build/stm32f0xx_hal_gpio.o
 .debug_ranges  0x00000328       0xc8 build/stm32f0xx_hal_cortex.o
 .debug_ranges  0x000003f0      0x128 build/stm32f0xx_hal_can.o
 .debug_ranges  0x00000518      0x200 build/stm32f0xx_hal_uart.o
 .debug_ranges  0x00000718       0x18 build/system_stm32f0xx.o
 .debug_ranges  0x00000730       0x20 build/startup_stm32f042x6.o

.debug_line     0x00000000     0x6bd0
 .debug_line    0x00000000      0x4f1 build/main.o
 .debug_line    0x000004f1      0x1cb build/stm32f0xx_it.o
 .debug_line    0x000006bc      0x431 build/stm32f0xx_hal_msp.o
 .debug_line    0x00000aed      0xfab build/stm32f0xx_hal_adc.o
 .debug_line    0x00001a98      0xc27 build/stm32f0xx_hal_rcc.o
 .debug_line    0x000026bf      0x4e2 build/stm32f0xx_hal.o
 .debug_line    0x00002ba1      0x656 build/stm32f0xx_hal_gpio.o
 .debug_line    0x000031f7      0x538 build/stm32f0xx_hal_cortex.o
 .debug_line    0x0000372f     0x10a3 build/stm32f0xx_hal_can.o
 .debug_line    0x000047d2     0x212a build/stm32f0xx_hal_uart.o
 .debug_line    0x000068fc      0x24b build/system_stm32f0xx.o
 .debug_line    0x00006b47       0x89 build/startup_stm32f042x6.o

.debug_str      0x00000000     0x2672
 .debug_str     0x00000000      0xc88 build/main.o
                                0xd61 (size before relaxing)
 .debug_str     0x00000c88       0x68 build/stm32f0xx_it.o
                                0x2a9 (size before relaxing)
 .debug_str     0x00000cf0       0xc1 build/stm32f0xx_hal_msp.o
                                0xb75 (size before relaxing)
 .debug_str     0x00000db1      0x319 build/stm32f0xx_hal_adc.o
                                0x98f (size before relaxing)
 .debug_str     0x000010ca      0x1fb build/stm32f0xx_hal_rcc.o
                                0x6d4 (size before relaxing)
 .debug_str     0x000012c5      0x38f build/stm32f0xx_hal.o
                                0x6e4 (size before relaxing)
 .debug_str     0x00001654       0xdf build/stm32f0xx_hal_gpio.o
                                0x4bf (size before relaxing)
 .debug_str     0x00001733      0x260 build/stm32f0xx_hal_cortex.o
                                0x6ce (size before relaxing)
 .debug_str     0x00001993      0x54e build/stm32f0xx_hal_can.o
                                0xad7 (size before relaxing)
 .debug_str     0x00001ee1      0x716 build/stm32f0xx_hal_uart.o
                                0xea0 (size before relaxing)
 .debug_str     0x000025f7       0x57 build/system_stm32f0xx.o
                                0x2eb (size before relaxing)
 .debug_str     0x0000264e       0x24 build/startup_stm32f042x6.o
                                 0x50 (size before relaxing)

.comment        0x00000000       0x79
 .comment       0x00000000       0x79 build/main.o
                                 0x7a (size before relaxing)
 .comment       0x00000079       0x7a build/stm32f0xx_it.o
 .comment       0x00000079       0x7a build/stm32f0xx_hal_msp.o
 .comment       0x00000079       0x7a build/stm32f0xx_hal_adc.o
 .comment       0x00000079       0x7a build/stm32f0xx_hal_rcc.o
 .comment       0x00000079       0x7a build/stm32f0xx_hal.o
 .comment       0x00000079       0x7a build/stm32f0xx_hal_gpio.o
 .comment       0x00000079       0x7a build/stm32f0xx_hal_cortex.o
 .comment       0x00000079       0x7a build/stm32f0xx_hal_can.o
 .comment       0x00000079       0x7a build/stm32f0xx_hal_uart.o
 .comment       0x00000079       0x7a build/system_stm32f0xx.o

.debug_frame    0x00000000     0x13dc
 .debug_frame   0x00000000       0xd0 build/main.o
 .debug_frame   0x000000d0       0x6c build/stm32f0xx_it.o
 .debug_frame   0x0000013c       0xd8 build/stm32f0xx_hal_msp.o
 .debug_frame   0x00000214      0x2f8 build/stm32f0xx_hal_adc.o
 .debug_frame   0x0000050c      0x158 build/stm32f0xx_hal_rcc.o
 .debug_frame   0x00000664      0x1c0 build/stm32f0xx_hal.o
 .debug_frame   0x00000824       0xe0 build/stm32f0xx_hal_gpio.o
 .debug_frame   0x00000904       0xec build/stm32f0xx_hal_cortex.o
 .debug_frame   0x000009f0      0x2ec build/stm32f0xx_hal_can.o
 .debug_frame   0x00000cdc      0x658 build/stm32f0xx_hal_uart.o
 .debug_frame   0x00001334       0x3c build/system_stm32f0xx.o
 .debug_frame   0x00001370       0x2c d:/gnu tools arm embedded/9 2019-q4-major/bin/../lib/gcc/arm-none-eabi/9.2.1/../../../../arm-none-eabi/lib/thumb/v6-m/nofp\libc_nano.a(lib_a-init.o)
 .debug_frame   0x0000139c       0x20 d:/gnu tools arm embedded/9 2019-q4-major/bin/../lib/gcc/arm-none-eabi/9.2.1/../../../../arm-none-eabi/lib/thumb/v6-m/nofp\libc_nano.a(lib_a-memset.o)
 .debug_frame   0x000013bc       0x20 d:/gnu tools arm embedded/9 2019-q4-major/bin/../lib/gcc/arm-none-eabi/9.2.1/thumb/v6-m/nofp\libgcc.a(_udivsi3.o)

Cross Reference Table

Symbol                                            File
ADC1_IRQHandler                                   build/startup_stm32f042x6.o
AHBPrescTable                                     build/system_stm32f0xx.o
                                                  build/stm32f0xx_hal_rcc.o
APBPrescTable                                     build/system_stm32f0xx.o
                                                  build/stm32f0xx_hal_rcc.o
CEC_CAN_IRQHandler                                build/startup_stm32f042x6.o
DMA1_Channel1_IRQHandler                          build/startup_stm32f042x6.o
DMA1_Channel2_3_IRQHandler                        build/startup_stm32f042x6.o
DMA1_Channel4_5_IRQHandler                        build/startup_stm32f042x6.o
Default_Handler                                   build/startup_stm32f042x6.o
EXTI0_1_IRQHandler                                build/startup_stm32f042x6.o
EXTI2_3_IRQHandler                                build/startup_stm32f042x6.o
EXTI4_15_IRQHandler                               build/startup_stm32f042x6.o
Error_Handler                                     build/main.o
FLASH_IRQHandler                                  build/startup_stm32f042x6.o
FLASH_PageErase                                   build/stm32f0xx_hal_flash_ex.o
                                                  build/stm32f0xx_hal_flash.o
FLASH_WaitForLastOperation                        build/stm32f0xx_hal_flash.o
                                                  build/stm32f0xx_hal_flash_ex.o
HAL_ADCEx_Calibration_Start                       build/stm32f0xx_hal_adc_ex.o
HAL_ADC_AnalogWDGConfig                           build/stm32f0xx_hal_adc.o
HAL_ADC_ConfigChannel                             build/stm32f0xx_hal_adc.o
                                                  build/main.o
HAL_ADC_ConvCpltCallback                          build/stm32f0xx_hal_adc.o
HAL_ADC_ConvHalfCpltCallback                      build/stm32f0xx_hal_adc.o
HAL_ADC_DeInit                                    build/stm32f0xx_hal_adc.o
HAL_ADC_ErrorCallback                             build/stm32f0xx_hal_adc.o
HAL_ADC_GetError                                  build/stm32f0xx_hal_adc.o
HAL_ADC_GetState                                  build/stm32f0xx_hal_adc.o
HAL_ADC_GetValue                                  build/stm32f0xx_hal_adc.o
HAL_ADC_IRQHandler                                build/stm32f0xx_hal_adc.o
HAL_ADC_Init                                      build/stm32f0xx_hal_adc.o
                                                  build/main.o
HAL_ADC_LevelOutOfWindowCallback                  build/stm32f0xx_hal_adc.o
HAL_ADC_MspDeInit                                 build/stm32f0xx_hal_msp.o
HAL_ADC_MspInit                                   build/stm32f0xx_hal_msp.o
HAL_ADC_PollForConversion                         build/stm32f0xx_hal_adc.o
HAL_ADC_PollForEvent                              build/stm32f0xx_hal_adc.o
HAL_ADC_Start                                     build/stm32f0xx_hal_adc.o
HAL_ADC_Start_DMA                                 build/stm32f0xx_hal_adc.o
HAL_ADC_Start_IT                                  build/stm32f0xx_hal_adc.o
HAL_ADC_Stop                                      build/stm32f0xx_hal_adc.o
HAL_ADC_Stop_DMA                                  build/stm32f0xx_hal_adc.o
HAL_ADC_Stop_IT                                   build/stm32f0xx_hal_adc.o
HAL_CAN_AbortTxRequest                            build/stm32f0xx_hal_can.o
HAL_CAN_ActivateNotification                      build/stm32f0xx_hal_can.o
HAL_CAN_AddTxMessage                              build/stm32f0xx_hal_can.o
HAL_CAN_ConfigFilter                              build/stm32f0xx_hal_can.o
HAL_CAN_DeInit                                    build/stm32f0xx_hal_can.o
HAL_CAN_DeactivateNotification                    build/stm32f0xx_hal_can.o
HAL_CAN_ErrorCallback                             build/stm32f0xx_hal_can.o
HAL_CAN_GetError                                  build/stm32f0xx_hal_can.o
HAL_CAN_GetRxFifoFillLevel                        build/stm32f0xx_hal_can.o
HAL_CAN_GetRxMessage                              build/stm32f0xx_hal_can.o
HAL_CAN_GetState                                  build/stm32f0xx_hal_can.o
HAL_CAN_GetTxMailboxesFreeLevel                   build/stm32f0xx_hal_can.o
HAL_CAN_GetTxTimestamp                            build/stm32f0xx_hal_can.o
HAL_CAN_IRQHandler                                build/stm32f0xx_hal_can.o
HAL_CAN_Init                                      build/stm32f0xx_hal_can.o
                                                  build/main.o
HAL_CAN_IsSleepActive                             build/stm32f0xx_hal_can.o
HAL_CAN_IsTxMessagePending                        build/stm32f0xx_hal_can.o
HAL_CAN_MspDeInit                                 build/stm32f0xx_hal_msp.o
HAL_CAN_MspInit                                   build/stm32f0xx_hal_msp.o
HAL_CAN_RequestSleep                              build/stm32f0xx_hal_can.o
HAL_CAN_ResetError                                build/stm32f0xx_hal_can.o
HAL_CAN_RxFifo0FullCallback                       build/stm32f0xx_hal_can.o
HAL_CAN_RxFifo0MsgPendingCallback                 build/stm32f0xx_hal_can.o
HAL_CAN_RxFifo1FullCallback                       build/stm32f0xx_hal_can.o
HAL_CAN_RxFifo1MsgPendingCallback                 build/stm32f0xx_hal_can.o
HAL_CAN_SleepCallback                             build/stm32f0xx_hal_can.o
HAL_CAN_Start                                     build/stm32f0xx_hal_can.o
HAL_CAN_Stop                                      build/stm32f0xx_hal_can.o
HAL_CAN_TxMailbox0AbortCallback                   build/stm32f0xx_hal_can.o
HAL_CAN_TxMailbox0CompleteCallback                build/stm32f0xx_hal_can.o
HAL_CAN_TxMailbox1AbortCallback                   build/stm32f0xx_hal_can.o
HAL_CAN_TxMailbox1CompleteCallback                build/stm32f0xx_hal_can.o
HAL_CAN_TxMailbox2AbortCallback                   build/stm32f0xx_hal_can.o
HAL_CAN_TxMailbox2CompleteCallback                build/stm32f0xx_hal_can.o
HAL_CAN_WakeUp                                    build/stm32f0xx_hal_can.o
HAL_CAN_WakeUpFromRxMsgCallback                   build/stm32f0xx_hal_can.o
HAL_DBGMCU_DisableDBGStandbyMode                  build/stm32f0xx_hal.o
HAL_DBGMCU_DisableDBGStopMode                     build/stm32f0xx_hal.o
HAL_DBGMCU_EnableDBGStandbyMode                   build/stm32f0xx_hal.o
HAL_DBGMCU_EnableDBGStopMode                      build/stm32f0xx_hal.o
HAL_DMA_Abort                                     build/stm32f0xx_hal_dma.o
                                                  build/stm32f0xx_hal_uart.o
                                                  build/stm32f0xx_hal_adc.o
HAL_DMA_Abort_IT                                  build/stm32f0xx_hal_dma.o
                                                  build/stm32f0xx_hal_uart.o
                                                  build/stm32f0xx_hal_i2c.o
HAL_DMA_DeInit                                    build/stm32f0xx_hal_dma.o
HAL_DMA_GetError                                  build/stm32f0xx_hal_dma.o
                                                  build/stm32f0xx_hal_uart.o
HAL_DMA_GetState                                  build/stm32f0xx_hal_dma.o
HAL_DMA_IRQHandler                                build/stm32f0xx_hal_dma.o
HAL_DMA_Init                                      build/stm32f0xx_hal_dma.o
HAL_DMA_PollForTransfer                           build/stm32f0xx_hal_dma.o
HAL_DMA_RegisterCallback                          build/stm32f0xx_hal_dma.o
HAL_DMA_Start                                     build/stm32f0xx_hal_dma.o
HAL_DMA_Start_IT                                  build/stm32f0xx_hal_dma.o
                                                  build/stm32f0xx_hal_uart.o
                                                  build/stm32f0xx_hal_i2c.o
                                                  build/stm32f0xx_hal_adc.o
HAL_DMA_UnRegisterCallback                        build/stm32f0xx_hal_dma.o
HAL_DeInit                                        build/stm32f0xx_hal.o
HAL_Delay                                         build/stm32f0xx_hal.o
                                                  build/main.o
HAL_EXTI_ClearConfigLine                          build/stm32f0xx_hal_exti.o
HAL_EXTI_ClearPending                             build/stm32f0xx_hal_exti.o
HAL_EXTI_GenerateSWI                              build/stm32f0xx_hal_exti.o
HAL_EXTI_GetConfigLine                            build/stm32f0xx_hal_exti.o
HAL_EXTI_GetHandle                                build/stm32f0xx_hal_exti.o
HAL_EXTI_GetPending                               build/stm32f0xx_hal_exti.o
HAL_EXTI_IRQHandler                               build/stm32f0xx_hal_exti.o
HAL_EXTI_RegisterCallback                         build/stm32f0xx_hal_exti.o
HAL_EXTI_SetConfigLine                            build/stm32f0xx_hal_exti.o
HAL_FLASHEx_Erase                                 build/stm32f0xx_hal_flash_ex.o
HAL_FLASHEx_Erase_IT                              build/stm32f0xx_hal_flash_ex.o
HAL_FLASHEx_OBErase                               build/stm32f0xx_hal_flash_ex.o
HAL_FLASHEx_OBGetConfig                           build/stm32f0xx_hal_flash_ex.o
HAL_FLASHEx_OBGetUserData                         build/stm32f0xx_hal_flash_ex.o
HAL_FLASHEx_OBProgram                             build/stm32f0xx_hal_flash_ex.o
HAL_FLASH_EndOfOperationCallback                  build/stm32f0xx_hal_flash.o
HAL_FLASH_GetError                                build/stm32f0xx_hal_flash.o
HAL_FLASH_IRQHandler                              build/stm32f0xx_hal_flash.o
HAL_FLASH_Lock                                    build/stm32f0xx_hal_flash.o
HAL_FLASH_OB_Launch                               build/stm32f0xx_hal_flash.o
HAL_FLASH_OB_Lock                                 build/stm32f0xx_hal_flash.o
HAL_FLASH_OB_Unlock                               build/stm32f0xx_hal_flash.o
HAL_FLASH_OperationErrorCallback                  build/stm32f0xx_hal_flash.o
HAL_FLASH_Program                                 build/stm32f0xx_hal_flash.o
HAL_FLASH_Program_IT                              build/stm32f0xx_hal_flash.o
HAL_FLASH_Unlock                                  build/stm32f0xx_hal_flash.o
HAL_GPIO_DeInit                                   build/stm32f0xx_hal_gpio.o
                                                  build/stm32f0xx_hal_msp.o
HAL_GPIO_EXTI_Callback                            build/stm32f0xx_hal_gpio.o
HAL_GPIO_EXTI_IRQHandler                          build/stm32f0xx_hal_gpio.o
HAL_GPIO_Init                                     build/stm32f0xx_hal_gpio.o
                                                  build/stm32f0xx_hal_rcc.o
                                                  build/stm32f0xx_hal_msp.o
                                                  build/main.o
HAL_GPIO_LockPin                                  build/stm32f0xx_hal_gpio.o
HAL_GPIO_ReadPin                                  build/stm32f0xx_hal_gpio.o
HAL_GPIO_TogglePin                                build/stm32f0xx_hal_gpio.o
                                                  build/main.o
HAL_GPIO_WritePin                                 build/stm32f0xx_hal_gpio.o
                                                  build/main.o
HAL_GetDEVID                                      build/stm32f0xx_hal.o
HAL_GetHalVersion                                 build/stm32f0xx_hal.o
HAL_GetREVID                                      build/stm32f0xx_hal.o
HAL_GetTick                                       build/stm32f0xx_hal.o
                                                  build/stm32f0xx_hal_uart_ex.o
                                                  build/stm32f0xx_hal_uart.o
                                                  build/stm32f0xx_hal_can.o
                                                  build/stm32f0xx_hal_flash.o
                                                  build/stm32f0xx_hal_dma.o
                                                  build/stm32f0xx_hal_i2c.o
                                                  build/stm32f0xx_hal_rcc_ex.o
                                                  build/stm32f0xx_hal_rcc.o
                                                  build/stm32f0xx_hal_adc_ex.o
                                                  build/stm32f0xx_hal_adc.o
HAL_GetTickFreq                                   build/stm32f0xx_hal.o
HAL_GetTickPrio                                   build/stm32f0xx_hal.o
HAL_GetUIDw0                                      build/stm32f0xx_hal.o
HAL_GetUIDw1                                      build/stm32f0xx_hal.o
HAL_GetUIDw2                                      build/stm32f0xx_hal.o
HAL_HalfDuplex_EnableReceiver                     build/stm32f0xx_hal_uart.o
HAL_HalfDuplex_EnableTransmitter                  build/stm32f0xx_hal_uart.o
HAL_HalfDuplex_Init                               build/stm32f0xx_hal_uart.o
HAL_I2CEx_ConfigAnalogFilter                      build/stm32f0xx_hal_i2c_ex.o
HAL_I2CEx_ConfigDigitalFilter                     build/stm32f0xx_hal_i2c_ex.o
HAL_I2CEx_DisableFastModePlus                     build/stm32f0xx_hal_i2c_ex.o
HAL_I2CEx_DisableWakeUp                           build/stm32f0xx_hal_i2c_ex.o
HAL_I2CEx_EnableFastModePlus                      build/stm32f0xx_hal_i2c_ex.o
HAL_I2CEx_EnableWakeUp                            build/stm32f0xx_hal_i2c_ex.o
HAL_I2C_AbortCpltCallback                         build/stm32f0xx_hal_i2c.o
HAL_I2C_AddrCallback                              build/stm32f0xx_hal_i2c.o
HAL_I2C_DeInit                                    build/stm32f0xx_hal_i2c.o
HAL_I2C_DisableListen_IT                          build/stm32f0xx_hal_i2c.o
HAL_I2C_ER_IRQHandler                             build/stm32f0xx_hal_i2c.o
HAL_I2C_EV_IRQHandler                             build/stm32f0xx_hal_i2c.o
HAL_I2C_EnableListen_IT                           build/stm32f0xx_hal_i2c.o
HAL_I2C_ErrorCallback                             build/stm32f0xx_hal_i2c.o
HAL_I2C_GetError                                  build/stm32f0xx_hal_i2c.o
HAL_I2C_GetMode                                   build/stm32f0xx_hal_i2c.o
HAL_I2C_GetState                                  build/stm32f0xx_hal_i2c.o
HAL_I2C_Init                                      build/stm32f0xx_hal_i2c.o
HAL_I2C_IsDeviceReady                             build/stm32f0xx_hal_i2c.o
HAL_I2C_ListenCpltCallback                        build/stm32f0xx_hal_i2c.o
HAL_I2C_MasterRxCpltCallback                      build/stm32f0xx_hal_i2c.o
HAL_I2C_MasterTxCpltCallback                      build/stm32f0xx_hal_i2c.o
HAL_I2C_Master_Abort_IT                           build/stm32f0xx_hal_i2c.o
HAL_I2C_Master_Receive                            build/stm32f0xx_hal_i2c.o
HAL_I2C_Master_Receive_DMA                        build/stm32f0xx_hal_i2c.o
HAL_I2C_Master_Receive_IT                         build/stm32f0xx_hal_i2c.o
HAL_I2C_Master_Seq_Receive_DMA                    build/stm32f0xx_hal_i2c.o
HAL_I2C_Master_Seq_Receive_IT                     build/stm32f0xx_hal_i2c.o
HAL_I2C_Master_Seq_Transmit_DMA                   build/stm32f0xx_hal_i2c.o
HAL_I2C_Master_Seq_Transmit_IT                    build/stm32f0xx_hal_i2c.o
HAL_I2C_Master_Transmit                           build/stm32f0xx_hal_i2c.o
HAL_I2C_Master_Transmit_DMA                       build/stm32f0xx_hal_i2c.o
HAL_I2C_Master_Transmit_IT                        build/stm32f0xx_hal_i2c.o
HAL_I2C_MemRxCpltCallback                         build/stm32f0xx_hal_i2c.o
HAL_I2C_MemTxCpltCallback                         build/stm32f0xx_hal_i2c.o
HAL_I2C_Mem_Read                                  build/stm32f0xx_hal_i2c.o
HAL_I2C_Mem_Read_DMA                              build/stm32f0xx_hal_i2c.o
HAL_I2C_Mem_Read_IT                               build/stm32f0xx_hal_i2c.o
HAL_I2C_Mem_Write                                 build/stm32f0xx_hal_i2c.o
HAL_I2C_Mem_Write_DMA                             build/stm32f0xx_hal_i2c.o
HAL_I2C_Mem_Write_IT                              build/stm32f0xx_hal_i2c.o
HAL_I2C_MspDeInit                                 build/stm32f0xx_hal_i2c.o
HAL_I2C_MspInit                                   build/stm32f0xx_hal_i2c.o
HAL_I2C_SlaveRxCpltCallback                       build/stm32f0xx_hal_i2c.o
HAL_I2C_SlaveTxCpltCallback                       build/stm32f0xx_hal_i2c.o
HAL_I2C_Slave_Receive                             build/stm32f0xx_hal_i2c.o
HAL_I2C_Slave_Receive_DMA                         build/stm32f0xx_hal_i2c.o
HAL_I2C_Slave_Receive_IT                          build/stm32f0xx_hal_i2c.o
HAL_I2C_Slave_Seq_Receive_DMA                     build/stm32f0xx_hal_i2c.o
HAL_I2C_Slave_Seq_Receive_IT                      build/stm32f0xx_hal_i2c.o
HAL_I2C_Slave_Seq_Transmit_DMA                    build/stm32f0xx_hal_i2c.o
HAL_I2C_Slave_Seq_Transmit_IT                     build/stm32f0xx_hal_i2c.o
HAL_I2C_Slave_Transmit                            build/stm32f0xx_hal_i2c.o
HAL_I2C_Slave_Transmit_DMA                        build/stm32f0xx_hal_i2c.o
HAL_I2C_Slave_Transmit_IT                         build/stm32f0xx_hal_i2c.o
HAL_IncTick                                       build/stm32f0xx_hal.o
                                                  build/stm32f0xx_it.o
HAL_Init                                          build/stm32f0xx_hal.o
                                                  build/main.o
HAL_InitTick                                      build/stm32f0xx_hal.o
                                                  build/stm32f0xx_hal_rcc.o
HAL_LIN_Init                                      build/stm32f0xx_hal_uart.o
HAL_LIN_SendBreak                                 build/stm32f0xx_hal_uart.o
HAL_MspDeInit                                     build/stm32f0xx_hal.o
HAL_MspInit                                       build/stm32f0xx_hal_msp.o
HAL_MultiProcessorEx_AddressLength_Set            build/stm32f0xx_hal_uart_ex.o
HAL_MultiProcessor_DisableMuteMode                build/stm32f0xx_hal_uart.o
HAL_MultiProcessor_EnableMuteMode                 build/stm32f0xx_hal_uart.o
HAL_MultiProcessor_EnterMuteMode                  build/stm32f0xx_hal_uart.o
HAL_MultiProcessor_Init                           build/stm32f0xx_hal_uart.o
HAL_NVIC_ClearPendingIRQ                          build/stm32f0xx_hal_cortex.o
HAL_NVIC_DisableIRQ                               build/stm32f0xx_hal_cortex.o
HAL_NVIC_EnableIRQ                                build/stm32f0xx_hal_cortex.o
HAL_NVIC_GetPendingIRQ                            build/stm32f0xx_hal_cortex.o
HAL_NVIC_GetPriority                              build/stm32f0xx_hal_cortex.o
HAL_NVIC_SetPendingIRQ                            build/stm32f0xx_hal_cortex.o
HAL_NVIC_SetPriority                              build/stm32f0xx_hal_cortex.o
                                                  build/stm32f0xx_hal.o
HAL_NVIC_SystemReset                              build/stm32f0xx_hal_cortex.o
HAL_PWREx_DisableVddio2Monitor                    build/stm32f0xx_hal_pwr_ex.o
HAL_PWREx_EnableVddio2Monitor                     build/stm32f0xx_hal_pwr_ex.o
HAL_PWREx_Vddio2MonitorCallback                   build/stm32f0xx_hal_pwr_ex.o
HAL_PWREx_Vddio2Monitor_IRQHandler                build/stm32f0xx_hal_pwr_ex.o
HAL_PWR_ConfigPVD                                 build/stm32f0xx_hal_pwr_ex.o
HAL_PWR_DeInit                                    build/stm32f0xx_hal_pwr.o
HAL_PWR_DisableBkUpAccess                         build/stm32f0xx_hal_pwr.o
HAL_PWR_DisablePVD                                build/stm32f0xx_hal_pwr_ex.o
HAL_PWR_DisableSEVOnPend                          build/stm32f0xx_hal_pwr.o
HAL_PWR_DisableSleepOnExit                        build/stm32f0xx_hal_pwr.o
HAL_PWR_DisableWakeUpPin                          build/stm32f0xx_hal_pwr.o
HAL_PWR_EnableBkUpAccess                          build/stm32f0xx_hal_pwr.o
HAL_PWR_EnablePVD                                 build/stm32f0xx_hal_pwr_ex.o
HAL_PWR_EnableSEVOnPend                           build/stm32f0xx_hal_pwr.o
HAL_PWR_EnableSleepOnExit                         build/stm32f0xx_hal_pwr.o
HAL_PWR_EnableWakeUpPin                           build/stm32f0xx_hal_pwr.o
HAL_PWR_EnterSLEEPMode                            build/stm32f0xx_hal_pwr.o
HAL_PWR_EnterSTANDBYMode                          build/stm32f0xx_hal_pwr.o
HAL_PWR_EnterSTOPMode                             build/stm32f0xx_hal_pwr.o
HAL_PWR_PVDCallback                               build/stm32f0xx_hal_pwr_ex.o
HAL_PWR_PVD_IRQHandler                            build/stm32f0xx_hal_pwr_ex.o
HAL_RCCEx_CRSConfig                               build/stm32f0xx_hal_rcc_ex.o
HAL_RCCEx_CRSGetSynchronizationInfo               build/stm32f0xx_hal_rcc_ex.o
HAL_RCCEx_CRSSoftwareSynchronizationGenerate      build/stm32f0xx_hal_rcc_ex.o
HAL_RCCEx_CRSWaitSynchronization                  build/stm32f0xx_hal_rcc_ex.o
HAL_RCCEx_CRS_ErrorCallback                       build/stm32f0xx_hal_rcc_ex.o
HAL_RCCEx_CRS_ExpectedSyncCallback                build/stm32f0xx_hal_rcc_ex.o
HAL_RCCEx_CRS_IRQHandler                          build/stm32f0xx_hal_rcc_ex.o
HAL_RCCEx_CRS_SyncOkCallback                      build/stm32f0xx_hal_rcc_ex.o
HAL_RCCEx_CRS_SyncWarnCallback                    build/stm32f0xx_hal_rcc_ex.o
HAL_RCCEx_GetPeriphCLKConfig                      build/stm32f0xx_hal_rcc_ex.o
HAL_RCCEx_GetPeriphCLKFreq                        build/stm32f0xx_hal_rcc_ex.o
HAL_RCCEx_PeriphCLKConfig                         build/stm32f0xx_hal_rcc_ex.o
HAL_RCC_CSSCallback                               build/stm32f0xx_hal_rcc.o
HAL_RCC_ClockConfig                               build/stm32f0xx_hal_rcc.o
                                                  build/main.o
HAL_RCC_DeInit                                    build/stm32f0xx_hal_rcc.o
HAL_RCC_DisableCSS                                build/stm32f0xx_hal_rcc.o
HAL_RCC_EnableCSS                                 build/stm32f0xx_hal_rcc.o
HAL_RCC_GetClockConfig                            build/stm32f0xx_hal_rcc.o
HAL_RCC_GetHCLKFreq                               build/stm32f0xx_hal_rcc.o
HAL_RCC_GetOscConfig                              build/stm32f0xx_hal_rcc.o
HAL_RCC_GetPCLK1Freq                              build/stm32f0xx_hal_rcc.o
                                                  build/stm32f0xx_hal_uart.o
                                                  build/stm32f0xx_hal_rcc_ex.o
HAL_RCC_GetSysClockFreq                           build/stm32f0xx_hal_rcc.o
                                                  build/stm32f0xx_hal_uart.o
                                                  build/stm32f0xx_hal_rcc_ex.o
HAL_RCC_MCOConfig                                 build/stm32f0xx_hal_rcc.o
HAL_RCC_NMI_IRQHandler                            build/stm32f0xx_hal_rcc.o
HAL_RCC_OscConfig                                 build/stm32f0xx_hal_rcc.o
                                                  build/main.o
HAL_RS485Ex_Init                                  build/stm32f0xx_hal_uart_ex.o
HAL_ResumeTick                                    build/stm32f0xx_hal.o
HAL_SYSTICK_CLKSourceConfig                       build/stm32f0xx_hal_cortex.o
HAL_SYSTICK_Callback                              build/stm32f0xx_hal_cortex.o
HAL_SYSTICK_Config                                build/stm32f0xx_hal_cortex.o
                                                  build/stm32f0xx_hal.o
HAL_SYSTICK_IRQHandler                            build/stm32f0xx_hal_cortex.o
HAL_SetTickFreq                                   build/stm32f0xx_hal.o
HAL_SuspendTick                                   build/stm32f0xx_hal.o
HAL_UARTEx_DisableStopMode                        build/stm32f0xx_hal_uart_ex.o
HAL_UARTEx_EnableStopMode                         build/stm32f0xx_hal_uart_ex.o
HAL_UARTEx_StopModeWakeUpSourceConfig             build/stm32f0xx_hal_uart_ex.o
HAL_UARTEx_WakeupCallback                         build/stm32f0xx_hal_uart_ex.o
                                                  build/stm32f0xx_hal_uart.o
HAL_UART_Abort                                    build/stm32f0xx_hal_uart.o
HAL_UART_AbortCpltCallback                        build/stm32f0xx_hal_uart.o
HAL_UART_AbortReceive                             build/stm32f0xx_hal_uart.o
HAL_UART_AbortReceiveCpltCallback                 build/stm32f0xx_hal_uart.o
HAL_UART_AbortReceive_IT                          build/stm32f0xx_hal_uart.o
HAL_UART_AbortTransmit                            build/stm32f0xx_hal_uart.o
HAL_UART_AbortTransmitCpltCallback                build/stm32f0xx_hal_uart.o
HAL_UART_AbortTransmit_IT                         build/stm32f0xx_hal_uart.o
HAL_UART_Abort_IT                                 build/stm32f0xx_hal_uart.o
HAL_UART_DMAPause                                 build/stm32f0xx_hal_uart.o
HAL_UART_DMAResume                                build/stm32f0xx_hal_uart.o
HAL_UART_DMAStop                                  build/stm32f0xx_hal_uart.o
HAL_UART_DeInit                                   build/stm32f0xx_hal_uart.o
HAL_UART_DisableReceiverTimeout                   build/stm32f0xx_hal_uart.o
HAL_UART_EnableReceiverTimeout                    build/stm32f0xx_hal_uart.o
HAL_UART_ErrorCallback                            build/stm32f0xx_hal_uart.o
HAL_UART_GetError                                 build/stm32f0xx_hal_uart.o
HAL_UART_GetState                                 build/stm32f0xx_hal_uart.o
HAL_UART_IRQHandler                               build/stm32f0xx_hal_uart.o
HAL_UART_Init                                     build/stm32f0xx_hal_uart.o
                                                  build/main.o
HAL_UART_MspDeInit                                build/stm32f0xx_hal_msp.o
HAL_UART_MspInit                                  build/stm32f0xx_hal_msp.o
                                                  build/stm32f0xx_hal_uart_ex.o
HAL_UART_Receive                                  build/stm32f0xx_hal_uart.o
HAL_UART_Receive_DMA                              build/stm32f0xx_hal_uart.o
HAL_UART_Receive_IT                               build/stm32f0xx_hal_uart.o
HAL_UART_ReceiverTimeout_Config                   build/stm32f0xx_hal_uart.o
HAL_UART_RxCpltCallback                           build/stm32f0xx_hal_uart.o
HAL_UART_RxHalfCpltCallback                       build/stm32f0xx_hal_uart.o
HAL_UART_Transmit                                 build/stm32f0xx_hal_uart.o
HAL_UART_Transmit_DMA                             build/stm32f0xx_hal_uart.o
HAL_UART_Transmit_IT                              build/stm32f0xx_hal_uart.o
HAL_UART_TxCpltCallback                           build/stm32f0xx_hal_uart.o
HAL_UART_TxHalfCpltCallback                       build/stm32f0xx_hal_uart.o
HardFault_Handler                                 build/stm32f0xx_it.o
I2C1_IRQHandler                                   build/startup_stm32f042x6.o
NMI_Handler                                       build/stm32f0xx_it.o
PVD_VDDIO2_IRQHandler                             build/startup_stm32f042x6.o
PendSV_Handler                                    build/stm32f0xx_it.o
RCC_CRS_IRQHandler                                build/startup_stm32f042x6.o
RTC_IRQHandler                                    build/startup_stm32f042x6.o
Reset_Handler                                     build/startup_stm32f042x6.o
SPI1_IRQHandler                                   build/startup_stm32f042x6.o
SPI2_IRQHandler                                   build/startup_stm32f042x6.o
SVC_Handler                                       build/stm32f0xx_it.o
SysTick_Handler                                   build/stm32f0xx_it.o
SystemClock_Config                                build/main.o
SystemCoreClock                                   build/system_stm32f0xx.o
                                                  build/stm32f0xx_hal.o
                                                  build/stm32f0xx_hal_rcc.o
                                                  build/stm32f0xx_hal_adc.o
SystemCoreClockUpdate                             build/system_stm32f0xx.o
SystemInit                                        build/system_stm32f0xx.o
                                                  build/startup_stm32f042x6.o
TIM14_IRQHandler                                  build/startup_stm32f042x6.o
TIM16_IRQHandler                                  build/startup_stm32f042x6.o
TIM17_IRQHandler                                  build/startup_stm32f042x6.o
TIM1_BRK_UP_TRG_COM_IRQHandler                    build/startup_stm32f042x6.o
TIM1_CC_IRQHandler                                build/startup_stm32f042x6.o
TIM2_IRQHandler                                   build/startup_stm32f042x6.o
TIM3_IRQHandler                                   build/startup_stm32f042x6.o
TSC_IRQHandler                                    build/startup_stm32f042x6.o
UART_AdvFeatureConfig                             build/stm32f0xx_hal_uart.o
                                                  build/stm32f0xx_hal_uart_ex.o
UART_CheckIdleState                               build/stm32f0xx_hal_uart.o
                                                  build/stm32f0xx_hal_uart_ex.o
UART_SetConfig                                    build/stm32f0xx_hal_uart.o
                                                  build/stm32f0xx_hal_uart_ex.o
UART_WaitOnFlagUntilTimeout                       build/stm32f0xx_hal_uart.o
                                                  build/stm32f0xx_hal_uart_ex.o
USART1_IRQHandler                                 build/startup_stm32f042x6.o
USART2_IRQHandler                                 build/startup_stm32f042x6.o
USB_IRQHandler                                    build/startup_stm32f042x6.o
WWDG_IRQHandler                                   build/startup_stm32f042x6.o
__aeabi_idiv0                                     d:/gnu tools arm embedded/9 2019-q4-major/bin/../lib/gcc/arm-none-eabi/9.2.1/thumb/v6-m/nofp\libgcc.a(_dvmd_tls.o)
                                                  d:/gnu tools arm embedded/9 2019-q4-major/bin/../lib/gcc/arm-none-eabi/9.2.1/thumb/v6-m/nofp\libgcc.a(_udivsi3.o)
__aeabi_ldiv0                                     d:/gnu tools arm embedded/9 2019-q4-major/bin/../lib/gcc/arm-none-eabi/9.2.1/thumb/v6-m/nofp\libgcc.a(_dvmd_tls.o)
__aeabi_uidiv                                     d:/gnu tools arm embedded/9 2019-q4-major/bin/../lib/gcc/arm-none-eabi/9.2.1/thumb/v6-m/nofp\libgcc.a(_udivsi3.o)
                                                  build/system_stm32f0xx.o
                                                  build/stm32f0xx_hal_uart.o
                                                  build/stm32f0xx_hal_dma.o
                                                  build/stm32f0xx_hal.o
                                                  build/stm32f0xx_hal_rcc_ex.o
                                                  build/stm32f0xx_hal_rcc.o
                                                  build/stm32f0xx_hal_adc.o
__aeabi_uidivmod                                  d:/gnu tools arm embedded/9 2019-q4-major/bin/../lib/gcc/arm-none-eabi/9.2.1/thumb/v6-m/nofp\libgcc.a(_udivsi3.o)
__bss_end__                                       d:/gnu tools arm embedded/9 2019-q4-major/bin/../lib/gcc/arm-none-eabi/9.2.1/../../../../arm-none-eabi/lib/thumb/v6-m/nofp/crt0.o
__bss_start__                                     d:/gnu tools arm embedded/9 2019-q4-major/bin/../lib/gcc/arm-none-eabi/9.2.1/../../../../arm-none-eabi/lib/thumb/v6-m/nofp/crt0.o
__call_exitprocs                                  d:/gnu tools arm embedded/9 2019-q4-major/bin/../lib/gcc/arm-none-eabi/9.2.1/../../../../arm-none-eabi/lib/thumb/v6-m/nofp\libc_nano.a(lib_a-exit.o)
__deregister_frame_info                           d:/gnu tools arm embedded/9 2019-q4-major/bin/../lib/gcc/arm-none-eabi/9.2.1/thumb/v6-m/nofp/crtbegin.o
__dso_handle                                      d:/gnu tools arm embedded/9 2019-q4-major/bin/../lib/gcc/arm-none-eabi/9.2.1/thumb/v6-m/nofp/crtbegin.o
__init_array_end                                  d:/gnu tools arm embedded/9 2019-q4-major/bin/../lib/gcc/arm-none-eabi/9.2.1/../../../../arm-none-eabi/lib/thumb/v6-m/nofp\libc_nano.a(lib_a-init.o)
__init_array_start                                d:/gnu tools arm embedded/9 2019-q4-major/bin/../lib/gcc/arm-none-eabi/9.2.1/../../../../arm-none-eabi/lib/thumb/v6-m/nofp\libc_nano.a(lib_a-init.o)
__libc_fini_array                                 d:/gnu tools arm embedded/9 2019-q4-major/bin/../lib/gcc/arm-none-eabi/9.2.1/../../../../arm-none-eabi/lib/thumb/v6-m/nofp/crt0.o
__libc_init_array                                 d:/gnu tools arm embedded/9 2019-q4-major/bin/../lib/gcc/arm-none-eabi/9.2.1/../../../../arm-none-eabi/lib/thumb/v6-m/nofp\libc_nano.a(lib_a-init.o)
                                                  build/startup_stm32f042x6.o
                                                  d:/gnu tools arm embedded/9 2019-q4-major/bin/../lib/gcc/arm-none-eabi/9.2.1/../../../../arm-none-eabi/lib/thumb/v6-m/nofp/crt0.o
__preinit_array_end                               d:/gnu tools arm embedded/9 2019-q4-major/bin/../lib/gcc/arm-none-eabi/9.2.1/../../../../arm-none-eabi/lib/thumb/v6-m/nofp\libc_nano.a(lib_a-init.o)
__preinit_array_start                             d:/gnu tools arm embedded/9 2019-q4-major/bin/../lib/gcc/arm-none-eabi/9.2.1/../../../../arm-none-eabi/lib/thumb/v6-m/nofp\libc_nano.a(lib_a-init.o)
__register_frame_info                             d:/gnu tools arm embedded/9 2019-q4-major/bin/../lib/gcc/arm-none-eabi/9.2.1/thumb/v6-m/nofp/crtbegin.o
__sf_fake_stderr                                  d:/gnu tools arm embedded/9 2019-q4-major/bin/../lib/gcc/arm-none-eabi/9.2.1/../../../../arm-none-eabi/lib/thumb/v6-m/nofp\libc_nano.a(lib_a-impure.o)
__sf_fake_stdin                                   d:/gnu tools arm embedded/9 2019-q4-major/bin/../lib/gcc/arm-none-eabi/9.2.1/../../../../arm-none-eabi/lib/thumb/v6-m/nofp\libc_nano.a(lib_a-impure.o)
__sf_fake_stdout                                  d:/gnu tools arm embedded/9 2019-q4-major/bin/../lib/gcc/arm-none-eabi/9.2.1/../../../../arm-none-eabi/lib/thumb/v6-m/nofp\libc_nano.a(lib_a-impure.o)
__stack                                           d:/gnu tools arm embedded/9 2019-q4-major/bin/../lib/gcc/arm-none-eabi/9.2.1/../../../../arm-none-eabi/lib/thumb/v6-m/nofp/crt0.o
__udivsi3                                         d:/gnu tools arm embedded/9 2019-q4-major/bin/../lib/gcc/arm-none-eabi/9.2.1/thumb/v6-m/nofp\libgcc.a(_udivsi3.o)
_ebss                                             build/startup_stm32f042x6.o
_edata                                            build/startup_stm32f042x6.o
_estack                                           build/startup_stm32f042x6.o
_exit                                             d:/gnu tools arm embedded/9 2019-q4-major/bin/../lib/gcc/arm-none-eabi/9.2.1/../../../../arm-none-eabi/lib/thumb/v6-m/nofp\libnosys.a(_exit.o)
                                                  d:/gnu tools arm embedded/9 2019-q4-major/bin/../lib/gcc/arm-none-eabi/9.2.1/../../../../arm-none-eabi/lib/thumb/v6-m/nofp\libc_nano.a(lib_a-exit.o)
_fini                                             d:/gnu tools arm embedded/9 2019-q4-major/bin/../lib/gcc/arm-none-eabi/9.2.1/thumb/v6-m/nofp/crti.o
_global_impure_ptr                                d:/gnu tools arm embedded/9 2019-q4-major/bin/../lib/gcc/arm-none-eabi/9.2.1/../../../../arm-none-eabi/lib/thumb/v6-m/nofp\libc_nano.a(lib_a-impure.o)
                                                  d:/gnu tools arm embedded/9 2019-q4-major/bin/../lib/gcc/arm-none-eabi/9.2.1/../../../../arm-none-eabi/lib/thumb/v6-m/nofp\libc_nano.a(lib_a-exit.o)
_impure_ptr                                       d:/gnu tools arm embedded/9 2019-q4-major/bin/../lib/gcc/arm-none-eabi/9.2.1/../../../../arm-none-eabi/lib/thumb/v6-m/nofp\libc_nano.a(lib_a-impure.o)
_init                                             d:/gnu tools arm embedded/9 2019-q4-major/bin/../lib/gcc/arm-none-eabi/9.2.1/thumb/v6-m/nofp/crti.o
                                                  d:/gnu tools arm embedded/9 2019-q4-major/bin/../lib/gcc/arm-none-eabi/9.2.1/../../../../arm-none-eabi/lib/thumb/v6-m/nofp\libc_nano.a(lib_a-init.o)
_mainCRTStartup                                   d:/gnu tools arm embedded/9 2019-q4-major/bin/../lib/gcc/arm-none-eabi/9.2.1/../../../../arm-none-eabi/lib/thumb/v6-m/nofp/crt0.o
_sbss                                             build/startup_stm32f042x6.o
_sdata                                            build/startup_stm32f042x6.o
_sidata                                           build/startup_stm32f042x6.o
_start                                            d:/gnu tools arm embedded/9 2019-q4-major/bin/../lib/gcc/arm-none-eabi/9.2.1/../../../../arm-none-eabi/lib/thumb/v6-m/nofp/crt0.o
atexit                                            d:/gnu tools arm embedded/9 2019-q4-major/bin/../lib/gcc/arm-none-eabi/9.2.1/../../../../arm-none-eabi/lib/thumb/v6-m/nofp/crt0.o
exit                                              d:/gnu tools arm embedded/9 2019-q4-major/bin/../lib/gcc/arm-none-eabi/9.2.1/../../../../arm-none-eabi/lib/thumb/v6-m/nofp\libc_nano.a(lib_a-exit.o)
                                                  d:/gnu tools arm embedded/9 2019-q4-major/bin/../lib/gcc/arm-none-eabi/9.2.1/../../../../arm-none-eabi/lib/thumb/v6-m/nofp/crt0.o
g_pfnVectors                                      build/startup_stm32f042x6.o
hadc                                              build/main.o
hardware_init_hook                                d:/gnu tools arm embedded/9 2019-q4-major/bin/../lib/gcc/arm-none-eabi/9.2.1/../../../../arm-none-eabi/lib/thumb/v6-m/nofp/crt0.o
hcan                                              build/main.o
huart2                                            build/main.o
main                                              build/main.o
                                                  build/startup_stm32f042x6.o
                                                  d:/gnu tools arm embedded/9 2019-q4-major/bin/../lib/gcc/arm-none-eabi/9.2.1/../../../../arm-none-eabi/lib/thumb/v6-m/nofp/crt0.o
memset                                            d:/gnu tools arm embedded/9 2019-q4-major/bin/../lib/gcc/arm-none-eabi/9.2.1/../../../../arm-none-eabi/lib/thumb/v6-m/nofp\libc_nano.a(lib_a-memset.o)
                                                  build/stm32f0xx_hal_msp.o
                                                  build/main.o
                                                  d:/gnu tools arm embedded/9 2019-q4-major/bin/../lib/gcc/arm-none-eabi/9.2.1/../../../../arm-none-eabi/lib/thumb/v6-m/nofp/crt0.o
pFlash                                            build/stm32f0xx_hal_flash.o
                                                  build/stm32f0xx_hal_flash_ex.o
software_init_hook                                d:/gnu tools arm embedded/9 2019-q4-major/bin/../lib/gcc/arm-none-eabi/9.2.1/../../../../arm-none-eabi/lib/thumb/v6-m/nofp/crt0.o
uwTick                                            build/stm32f0xx_hal.o
uwTickFreq                                        build/stm32f0xx_hal.o
uwTickPrio                                        build/stm32f0xx_hal.o
                                                  build/stm32f0xx_hal_rcc.o
